// Vitest Snapshot v1, https://vitest.dev/guide/snapshot.html

exports[`ExcelLoader > should aggregate content correctly (joining sheets) > aggregated_content 1`] = `
"<sheet name="表1" index="0">
| __EMPTY | 类别 A | 类别 B | __EMPTY_1 | __EMPTY_2 |
| --- | --- | --- | --- | --- |
| 项目 1 | 5 | 7 |  |  |
| 项目 2 | 10 | 8 |  |  |
| 项目 3 | 9 | 15 |  |  |
| 项目 4 | 7 | 12 |  |  |
| 项目 5 | 16 | 21 |  |  |
</sheet>

<sheet name="表2 - 表格 2" index="1">
| __EMPTY | 类别 A | 类别 B | __EMPTY_1 | __EMPTY_2 |
| --- | --- | --- | --- | --- |
| 项目 1 | 5 | 7 |  |  |
| 项目 2 | 10 | 8 |  |  |
| 项目 3 | 9 | 15 |  |  |
| 项目 4 | 7 | 12 |  |  |
| 项目 5 | 16 | 21 |  |  |
</sheet>"
`;

exports[`ExcelLoader > should load pages correctly from an Excel file (one page per sheet) 1`] = `
[
  {
    "charCount": 201,
    "lineCount": 7,
    "metadata": {
      "sheetName": "表1",
    },
    "pageContent": "| __EMPTY | 类别 A | 类别 B | __EMPTY_1 | __EMPTY_2 |
| --- | --- | --- | --- | --- |
| 项目 1 | 5 | 7 |  |  |
| 项目 2 | 10 | 8 |  |  |
| 项目 3 | 9 | 15 |  |  |
| 项目 4 | 7 | 12 |  |  |
| 项目 5 | 16 | 21 |  |  |",
  },
  {
    "charCount": 201,
    "lineCount": 7,
    "metadata": {
      "sheetName": "表2 - 表格 2",
    },
    "pageContent": "| __EMPTY | 类别 A | 类别 B | __EMPTY_1 | __EMPTY_2 |
| --- | --- | --- | --- | --- |
| 项目 1 | 5 | 7 |  |  |
| 项目 2 | 10 | 8 |  |  |
| 项目 3 | 9 | 15 |  |  |
| 项目 4 | 7 | 12 |  |  |
| 项目 5 | 16 | 21 |  |  |",
  },
]
`;
