// Vitest Snapshot v1, https://vitest.dev/guide/snapshot.html

exports[`PPIO > models > should get models 1`] = `
[
  {
    "contextWindowTokens": 64000,
    "description": "DeepSeek R1是DeepSeek团队发布的最新开源模型，具备非常强悍的推理性能，尤其在数学、编程和推理任务上达到了与OpenAI的o1模型相当的水平。",
    "displayName": "DeepSeek: DeepSeek R1 (community)",
    "enabled": true,
    "functionCall": false,
    "id": "deepseek/deepseek-r1/community",
    "reasoning": true,
    "vision": false,
  },
  {
    "contextWindowTokens": 64000,
    "description": "DeepSeek-V3在推理速度方面实现了比之前模型的重大突破。在开源模型中排名第一，并可与全球最先进的闭源模型相媲美。DeepSeek-V3 采用了多头潜在注意力 （MLA） 和 DeepSeekMoE 架构，这些架构在 DeepSeek-V2 中得到了全面验证。此外，DeepSeek-V3 开创了一种用于负载均衡的辅助无损策略，并设定了多标记预测训练目标以获得更强的性能。",
    "displayName": "DeepSeek: DeepSeek V3 (community)",
    "enabled": true,
    "functionCall": false,
    "id": "deepseek/deepseek-v3/community",
    "reasoning": false,
    "vision": false,
  },
]
`;
